
> zenith-lms@1.0.0 dev
> next dev

▲ Next.js 16.2.4 (Turbopack)
- Local:         http://localhost:3000
- Network:       http://192.168.100.20:3000
- Environments: .env.local
✓ Ready in 672ms
⚠ The "middleware" file convention is deprecated. Please use "proxy" instead. Learn more: https://nextjs.org/docs/messages/middleware-to-proxy
- Experiments (use with caution):
  · clientTraceMetadata

[DEBUG] [PROXY] Entry: /ko/admin/ups-actual-charges
[DEBUG] [PROXY] Entry: /ko/admin/ups-actual-charges
(node:37073) [DEP0205] DeprecationWarning: `module.register()` is deprecated. Use `module.registerHooks()` instead.
(Use `node --trace-deprecation ...` to show where the warning was created)
○ Compiling /[locale]/admin/ups-actual-charges ...
 GET /ko/admin/ups-actual-charges 200 in 6.6s (next.js: 5.2s, proxy.ts: 438ms, application-code: 1038ms)
[DEBUG] [PROXY] Entry: /ko/admin/ups-actual-charges
[INFO] [DEBUG] validateUserAction START
[INFO] [DEBUG] validateUserAction: Supabase client created
[INFO] [DEBUG] validateUserAction: getUser result { hasUser: true, email: 'agency@zenith.kr', error: null }
[INFO] [DEBUG] validateUserAction: profile result { hasProfile: true, error: null }
 POST /ko/admin/ups-actual-charges 200 in 268ms (next.js: 12ms, proxy.ts: 124ms, application-code: 133ms)
  └─ ƒ searchDeliveredUpsOrders("ZEN-2026-000001") in 119ms src/app/actions/finance/ups-actual-charges.ts
[DEBUG] [PROXY] Entry: /ko/admin/ups-actual-charges
[INFO] [DEBUG] validateUserAction START
[INFO] [DEBUG] validateUserAction: Supabase client created
[INFO] [DEBUG] validateUserAction: getUser result { hasUser: true, email: 'agency@zenith.kr', error: null }
[INFO] [DEBUG] validateUserAction: profile result { hasProfile: true, error: null }
 POST /ko/admin/ups-actual-charges 200 in 228ms (next.js: 5ms, proxy.ts: 90ms, application-code: 133ms)
  └─ ƒ getUpsChargeReconciliation("2ae0abae-a365-4a5f-a18b-92736fe9340f") in 125ms src/app/actions/finance/ups-actual-charges.ts
[DEBUG] [PROXY] Entry: /ko/admin/ups-actual-charges
[INFO] [DEBUG] validateUserAction START
[INFO] [DEBUG] validateUserAction: Supabase client created
[INFO] [DEBUG] validateUserAction: getUser result { hasUser: true, email: 'agency@zenith.kr', error: null }
[INFO] [DEBUG] validateUserAction: profile result { hasProfile: true, error: null }
 POST /ko/admin/ups-actual-charges 200 in 220ms (next.js: 5ms, proxy.ts: 89ms, application-code: 126ms)
  └─ ƒ getUpsChargeReconciliation("2ae0abae-a365-4a5f-a18b-92736fe9340f") in 119ms src/app/actions/finance/ups-actual-charges.ts
[DEBUG] [PROXY] Entry: /ko/admin/ups-actual-charges
[INFO] [DEBUG] validateUserAction START
[INFO] [DEBUG] validateUserAction: Supabase client created
[INFO] [DEBUG] validateUserAction: getUser result { hasUser: true, email: 'agency@zenith.kr', error: null }
[INFO] [DEBUG] validateUserAction: profile result { hasProfile: true, error: null }
 POST /ko/admin/ups-actual-charges 200 in 183ms (next.js: 8ms, proxy.ts: 82ms, application-code: 93ms)
  └─ ƒ getUpsActualCharges("2ae0abae-a365-4a5f-a18b-92736fe9340f") in 84ms src/app/actions/finance/ups-actual-charges.ts
[DEBUG] [PROXY] Entry: /ko/admin/ups-actual-charges
[INFO] [DEBUG] validateUserAction START
[INFO] [DEBUG] validateUserAction: Supabase client created
[INFO] [DEBUG] validateUserAction: getUser result { hasUser: true, email: 'agency@zenith.kr', error: null }
[INFO] [DEBUG] validateUserAction: profile result { hasProfile: true, error: null }
 POST /ko/admin/ups-actual-charges 200 in 255ms (next.js: 10ms, proxy.ts: 102ms, application-code: 142ms)
  └─ ƒ getUpsActualCharges("2ae0abae-a365-4a5f-a18b-92736fe9340f") in 132ms src/app/actions/finance/ups-actual-charges.ts
[DEBUG] [PROXY] Entry: /login
[DEBUG] [PROXY] Entry: /ko/login
 GET /ko/login 200 in 2.0s (next.js: 1846ms, proxy.ts: 8ms, application-code: 148ms)
[DEBUG] [PROXY] Entry: /ko/login
[INFO] [ACTION] login START
[INFO] [ACTION] login INPUT: { email: 'admin@zenith.kr', locale: 'ko' }
[INFO] [ACTION] login AUTH SUCCESS: 5a12dc42-eaab-4f6b-ad6a-de11aed9cd56
[INFO] [ACTION] login REDIRECTING to: /ko/orders
[DEBUG] [PROXY] Entry: /ko/orders
[INFO] [DEBUG] validateUserAction START
[INFO] [DEBUG] validateUserAction: Supabase client created
[INFO] [DEBUG] validateUserAction: getUser result { hasUser: true, email: 'admin@zenith.kr', error: null }
[INFO] [DEBUG] validateUserAction: profile result { hasProfile: true, error: null }
 GET /ko/orders 200 in 4.5s (next.js: 3.9s, proxy.ts: 154ms, application-code: 457ms)
 POST /ko/login 303 in 4.8s (next.js: 16ms, proxy.ts: 16ms, application-code: 4.8s)
  └─ ƒ login({}) in 299ms src/app/[locale]/(auth)/login/actions.ts
[DEBUG] [PROXY] Entry: /ko/orders
[INFO] [DEBUG] validateUserAction START
[INFO] [DEBUG] validateUserAction: Supabase client created
[INFO] [DEBUG] validateUserAction: getUser result { hasUser: true, email: 'admin@zenith.kr', error: null }
[INFO] [DEBUG] validateUserAction: profile result { hasProfile: true, error: null }
 POST /ko/orders 200 in 308ms (next.js: 11ms, proxy.ts: 175ms, application-code: 121ms)
  └─ ƒ getCommonCodesByGroup("ORDER_STATUS") in 108ms src/app/actions/admin/master.ts
[DEBUG] [PROXY] Entry: /ko/orders
[INFO] [DEBUG] validateUserAction START
[INFO] [DEBUG] validateUserAction: Supabase client created
[INFO] [DEBUG] validateUserAction: getUser result { hasUser: true, email: 'admin@zenith.kr', error: null }
[INFO] [DEBUG] validateUserAction: profile result { hasProfile: true, error: null }
[DEBUG] [PROXY] Entry: /ko/orders
 POST /ko/orders 200 in 213ms (next.js: 6ms, proxy.ts: 109ms, application-code: 98ms)
  └─ ƒ getCommonCodesByGroup("ORDER_TYPE") in 90ms src/app/actions/admin/master.ts
[DEBUG] [PROXY] Entry: /ko/orders
[DEBUG] [PROXY] Entry: /ko/orders
[INFO] [DEBUG] validateUserAction START
[INFO] [DEBUG] validateUserAction: Supabase client created
[INFO] [DEBUG] validateUserAction START
[INFO] [DEBUG] validateUserAction: Supabase client created
[INFO] [DEBUG] validateUserAction: getUser result { hasUser: true, email: 'admin@zenith.kr', error: null }
[INFO] [DEBUG] validateUserAction: getUser result { hasUser: true, email: 'admin@zenith.kr', error: null }
[INFO] [DEBUG] validateUserAction: profile result { hasProfile: true, error: null }
[INFO] [DEBUG] validateUserAction: profile result { hasProfile: true, error: null }
[INFO] [DEBUG] validateUserAction START
[INFO] [DEBUG] validateUserAction: Supabase client created
 POST /ko/orders 200 in 339ms (next.js: 22ms, proxy.ts: 130ms, application-code: 187ms)
  └─ ƒ getCommonCodesByGroup("ORDER_STATUS") in 176ms src/app/actions/admin/master.ts
 GET /ko/orders?page=1 200 in 364ms (next.js: 6ms, proxy.ts: 126ms, application-code: 232ms)
[INFO] [DEBUG] validateUserAction: getUser result { hasUser: true, email: 'admin@zenith.kr', error: null }
[INFO] [DEBUG] validateUserAction: profile result { hasProfile: true, error: null }
 POST /ko/orders?page=1 200 in 299ms (next.js: 5ms, proxy.ts: 162ms, application-code: 132ms)
  └─ ƒ getCommonCodesByGroup("ORDER_TYPE") in 124ms src/app/actions/admin/master.ts
[DEBUG] [PROXY] Entry: /ko/finance/daily-billing
[INFO] [DEBUG] validateUserAction START
[INFO] [DEBUG] validateUserAction: Supabase client created
[INFO] [DEBUG] validateUserAction: getUser result { hasUser: true, email: 'admin@zenith.kr', error: null }
[INFO] [DEBUG] validateUserAction: profile result { hasProfile: true, error: null }
 GET /ko/finance/daily-billing 200 in 1806ms (next.js: 1502ms, proxy.ts: 74ms, application-code: 230ms)
[DEBUG] [PROXY] Entry: /
[DEBUG] [PROXY] Entry: /ko
 GET /ko 200 in 1587ms (next.js: 1493ms, proxy.ts: 5ms, application-code: 89ms)
[DEBUG] [PROXY] Entry: /
[DEBUG] [PROXY] Entry: /ko
 GET /ko 200 in 67ms (next.js: 11ms, proxy.ts: 4ms, application-code: 52ms)
[DEBUG] [PROXY] Entry: /ko/login
 GET /ko/login 200 in 70ms (next.js: 9ms, proxy.ts: 4ms, application-code: 56ms)
[DEBUG] [PROXY] Entry: /ko/login
[INFO] [ACTION] login START
[INFO] [ACTION] login INPUT: { email: 'admin@zenith.kr', locale: 'ko' }
[INFO] [ACTION] login AUTH SUCCESS: 5a12dc42-eaab-4f6b-ad6a-de11aed9cd56
[INFO] [ACTION] login REDIRECTING to: /ko/orders
[DEBUG] [PROXY] Entry: /ko/orders
[INFO] [DEBUG] validateUserAction START
[INFO] [DEBUG] validateUserAction: Supabase client created
[INFO] [DEBUG] validateUserAction: getUser result { hasUser: true, email: 'admin@zenith.kr', error: null }
[INFO] [DEBUG] validateUserAction: profile result { hasProfile: true, error: null }
 GET /ko/orders 200 in 512ms (next.js: 10ms, proxy.ts: 141ms, application-code: 361ms)
 POST /ko/login 303 in 721ms (next.js: 8ms, proxy.ts: 9ms, application-code: 704ms)
  └─ ƒ login({}) in 173ms src/app/[locale]/(auth)/login/actions.ts
[DEBUG] [PROXY] Entry: /ko/orders
[INFO] [DEBUG] validateUserAction START
[INFO] [DEBUG] validateUserAction: Supabase client created
[INFO] [DEBUG] validateUserAction: getUser result { hasUser: true, email: 'admin@zenith.kr', error: null }
[INFO] [DEBUG] validateUserAction: profile result { hasProfile: true, error: null }
 POST /ko/orders 200 in 214ms (next.js: 5ms, proxy.ts: 98ms, application-code: 111ms)
  └─ ƒ getCommonCodesByGroup("ORDER_STATUS") in 102ms src/app/actions/admin/master.ts
[DEBUG] [PROXY] Entry: /ko/orders
[INFO] [DEBUG] validateUserAction START
[INFO] [DEBUG] validateUserAction: Supabase client created
[INFO] [DEBUG] validateUserAction: getUser result { hasUser: true, email: 'admin@zenith.kr', error: null }
[INFO] [DEBUG] validateUserAction: profile result { hasProfile: true, error: null }
 POST /ko/orders 200 in 243ms (next.js: 14ms, proxy.ts: 121ms, application-code: 109ms)
  └─ ƒ getCommonCodesByGroup("ORDER_TYPE") in 99ms src/app/actions/admin/master.ts
[DEBUG] [PROXY] Entry: /ko/orders
[DEBUG] [PROXY] Entry: /ko/orders
[INFO] [DEBUG] validateUserAction START
[INFO] [DEBUG] validateUserAction: Supabase client created
[DEBUG] [PROXY] Entry: /ko/orders
[INFO] [DEBUG] validateUserAction: getUser result { hasUser: true, email: 'admin@zenith.kr', error: null }
[INFO] [DEBUG] validateUserAction: profile result { hasProfile: true, error: null }
 POST /ko/orders 200 in 221ms (next.js: 6ms, proxy.ts: 103ms, application-code: 112ms)
  └─ ƒ getCommonCodesByGroup("ORDER_STATUS") in 103ms src/app/actions/admin/master.ts
[INFO] [DEBUG] validateUserAction START
[INFO] [DEBUG] validateUserAction: Supabase client created
[INFO] [DEBUG] validateUserAction: getUser result { hasUser: true, email: 'admin@zenith.kr', error: null }
[INFO] [DEBUG] validateUserAction: profile result { hasProfile: true, error: null }
[INFO] [DEBUG] validateUserAction START
[INFO] [DEBUG] validateUserAction: Supabase client created
 GET /ko/orders?page=1 200 in 329ms (next.js: 5ms, proxy.ts: 90ms, application-code: 234ms)
[INFO] [DEBUG] validateUserAction: getUser result { hasUser: true, email: 'admin@zenith.kr', error: null }
[INFO] [DEBUG] validateUserAction: profile result { hasProfile: true, error: null }
 POST /ko/orders?page=1 200 in 249ms (next.js: 13ms, proxy.ts: 127ms, application-code: 109ms)
  └─ ƒ getCommonCodesByGroup("ORDER_TYPE") in 102ms src/app/actions/admin/master.ts
[DEBUG] [PROXY] Entry: /ko/finance/daily-billing
[INFO] [DEBUG] validateUserAction START
[INFO] [DEBUG] validateUserAction: Supabase client created
[INFO] [DEBUG] validateUserAction: getUser result { hasUser: true, email: 'admin@zenith.kr', error: null }
[INFO] [DEBUG] validateUserAction: profile result { hasProfile: true, error: null }
 GET /ko/finance/daily-billing 200 in 530ms (next.js: 8ms, proxy.ts: 81ms, application-code: 441ms)
[DEBUG] [PROXY] Entry: /
[DEBUG] [PROXY] Entry: /ko
 GET /ko 200 in 95ms (next.js: 30ms, proxy.ts: 4ms, application-code: 61ms)
[DEBUG] [PROXY] Entry: /
[DEBUG] [PROXY] Entry: /ko
 GET /ko 200 in 67ms (next.js: 4ms, proxy.ts: 4ms, application-code: 59ms)
[DEBUG] [PROXY] Entry: /ko/login
 GET /ko/login 200 in 78ms (next.js: 10ms, proxy.ts: 4ms, application-code: 64ms)
[DEBUG] [PROXY] Entry: /ko/login
[INFO] [ACTION] login START
[INFO] [ACTION] login INPUT: { email: 'admin@zenith.kr', locale: 'ko' }
[INFO] [ACTION] login AUTH SUCCESS: 5a12dc42-eaab-4f6b-ad6a-de11aed9cd56
[INFO] [ACTION] login REDIRECTING to: /ko/orders
[DEBUG] [PROXY] Entry: /ko/orders
[INFO] [DEBUG] validateUserAction START
[INFO] [DEBUG] validateUserAction: Supabase client created
[INFO] [DEBUG] validateUserAction: getUser result { hasUser: true, email: 'admin@zenith.kr', error: null }
[INFO] [DEBUG] validateUserAction: profile result { hasProfile: true, error: null }
 GET /ko/orders 200 in 491ms (next.js: 8ms, proxy.ts: 149ms, application-code: 334ms)
 POST /ko/login 303 in 689ms (next.js: 13ms, proxy.ts: 8ms, application-code: 669ms)
  └─ ƒ login({}) in 168ms src/app/[locale]/(auth)/login/actions.ts
[DEBUG] [PROXY] Entry: /ko/orders
[INFO] [DEBUG] validateUserAction START
[INFO] [DEBUG] validateUserAction: Supabase client created
[INFO] [DEBUG] validateUserAction: getUser result { hasUser: true, email: 'admin@zenith.kr', error: null }
[INFO] [DEBUG] validateUserAction: profile result { hasProfile: true, error: null }
 POST /ko/orders 200 in 218ms (next.js: 9ms, proxy.ts: 96ms, application-code: 113ms)
  └─ ƒ getCommonCodesByGroup("ORDER_STATUS") in 104ms src/app/actions/admin/master.ts
[DEBUG] [PROXY] Entry: /ko/orders
[INFO] [DEBUG] validateUserAction START
[INFO] [DEBUG] validateUserAction: Supabase client created
[INFO] [DEBUG] validateUserAction: getUser result { hasUser: true, email: 'admin@zenith.kr', error: null }
[INFO] [DEBUG] validateUserAction: profile result { hasProfile: true, error: null }
 POST /ko/orders 200 in 243ms (next.js: 9ms, proxy.ts: 131ms, application-code: 102ms)
  └─ ƒ getCommonCodesByGroup("ORDER_TYPE") in 94ms src/app/actions/admin/master.ts
[DEBUG] [PROXY] Entry: /ko/orders
[DEBUG] [PROXY] Entry: /ko/orders
[INFO] [DEBUG] validateUserAction START
[INFO] [DEBUG] validateUserAction: Supabase client created
[DEBUG] [PROXY] Entry: /ko/orders
[INFO] [DEBUG] validateUserAction: getUser result { hasUser: true, email: 'admin@zenith.kr', error: null }
[INFO] [DEBUG] validateUserAction: profile result { hasProfile: true, error: null }
 POST /ko/orders 200 in 259ms (next.js: 7ms, proxy.ts: 131ms, application-code: 121ms)
  └─ ƒ getCommonCodesByGroup("ORDER_STATUS") in 112ms src/app/actions/admin/master.ts
[INFO] [DEBUG] validateUserAction START
[INFO] [DEBUG] validateUserAction: Supabase client created
[INFO] [DEBUG] validateUserAction: getUser result { hasUser: true, email: 'admin@zenith.kr', error: null }
[INFO] [DEBUG] validateUserAction: profile result { hasProfile: true, error: null }
[INFO] [DEBUG] validateUserAction START
[INFO] [DEBUG] validateUserAction: Supabase client created
 GET /ko/orders?page=1 200 in 345ms (next.js: 7ms, proxy.ts: 110ms, application-code: 228ms)
[INFO] [DEBUG] validateUserAction: getUser result { hasUser: true, email: 'admin@zenith.kr', error: null }
[INFO] [DEBUG] validateUserAction: profile result { hasProfile: true, error: null }
 POST /ko/orders?page=1 200 in 251ms (next.js: 6ms, proxy.ts: 130ms, application-code: 115ms)
  └─ ƒ getCommonCodesByGroup("ORDER_TYPE") in 106ms src/app/actions/admin/master.ts
[DEBUG] [PROXY] Entry: /ko/finance/daily-billing
[INFO] [DEBUG] validateUserAction START
[INFO] [DEBUG] validateUserAction: Supabase client created
[INFO] [DEBUG] validateUserAction: getUser result { hasUser: true, email: 'admin@zenith.kr', error: null }
[INFO] [DEBUG] validateUserAction: profile result { hasProfile: true, error: null }
 GET /ko/finance/daily-billing 200 in 410ms (next.js: 10ms, proxy.ts: 82ms, application-code: 318ms)
[DEBUG] [PROXY] Entry: /ko/finance/daily-billing
[INFO] [DEBUG] validateUserAction START
[INFO] [DEBUG] validateUserAction: Supabase client created
[INFO] [DEBUG] validateUserAction: getUser result { hasUser: true, email: 'admin@zenith.kr', error: null }
[INFO] [DEBUG] validateUserAction: profile result { hasProfile: true, error: null }
 POST /ko/finance/daily-billing 200 in 231ms (next.js: 7ms, proxy.ts: 98ms, application-code: 126ms)
  └─ ƒ getShipperDailyOrdersDetails("b9897ffe-cd84-4a20-aa30-e29073cf1cd3", "2026-07-27", "daily") in 118ms src/app/actions/finance/daily-billing.ts
[DEBUG] [PROXY] Entry: /ko/finance/daily-billing
[INFO] [DEBUG] validateUserAction START
[INFO] [DEBUG] validateUserAction: Supabase client created
[INFO] [DEBUG] validateUserAction: getUser result { hasUser: true, email: 'admin@zenith.kr', error: null }
[INFO] [DEBUG] validateUserAction: profile result { hasProfile: true, error: null }
 POST /ko/finance/daily-billing 200 in 293ms (next.js: 14ms, proxy.ts: 95ms, application-code: 184ms)
  └─ ƒ getShipperDailyBillingSummary({"periodType":"weekly"}) in 171ms src/app/actions/finance/daily-billing.ts
[DEBUG] [PROXY] Entry: /ko/finance/daily-billing
✓ Compiled in 948ms
[DEBUG] [PROXY] Entry: /ko/finance/daily-billing
[INFO] [DEBUG] validateUserAction START
[INFO] [DEBUG] validateUserAction: Supabase client created
[INFO] [DEBUG] validateUserAction: getUser result { hasUser: true, email: 'admin@zenith.kr', error: null }
[INFO] [DEBUG] validateUserAction START
[INFO] [DEBUG] validateUserAction: Supabase client created
[INFO] [DEBUG] validateUserAction: getUser result { hasUser: true, email: 'admin@zenith.kr', error: null }
[INFO] [DEBUG] validateUserAction: profile result { hasProfile: true, error: null }
[INFO] [DEBUG] validateUserAction: profile result { hasProfile: true, error: null }
 GET /ko/finance/daily-billing 200 in 1412ms (next.js: 310ms, proxy.ts: 417ms, application-code: 685ms)
 GET /ko/finance/daily-billing 200 in 500ms (next.js: 6ms, proxy.ts: 102ms, application-code: 392ms)
[DEBUG] [PROXY] Entry: /ko/finance/daily-billing
[INFO] [DEBUG] validateUserAction START
[INFO] [DEBUG] validateUserAction: Supabase client created
[INFO] [DEBUG] validateUserAction: getUser result { hasUser: true, email: 'admin@zenith.kr', error: null }
[INFO] [DEBUG] validateUserAction: profile result { hasProfile: true, error: null }
[DEBUG] [PROXY] Entry: /ko/finance/daily-billing
 GET /ko/finance/daily-billing 200 in 790ms (next.js: 370ms, proxy.ts: 110ms, application-code: 309ms)
[INFO] [DEBUG] validateUserAction START
[INFO] [DEBUG] validateUserAction: Supabase client created
[INFO] [DEBUG] validateUserAction: getUser result { hasUser: true, email: 'admin@zenith.kr', error: null }
[INFO] [DEBUG] validateUserAction: profile result { hasProfile: true, error: null }
[DEBUG] [PROXY] Entry: /ko/finance/daily-billing
 GET /ko/finance/daily-billing 200 in 439ms (next.js: 19ms, proxy.ts: 199ms, application-code: 220ms)
[INFO] [DEBUG] validateUserAction START
[INFO] [DEBUG] validateUserAction: Supabase client created
[INFO] [DEBUG] validateUserAction: getUser result { hasUser: true, email: 'admin@zenith.kr', error: null }
[INFO] [DEBUG] validateUserAction: profile result { hasProfile: true, error: null }
 GET /ko/finance/daily-billing 200 in 308ms (next.js: 8ms, proxy.ts: 182ms, application-code: 118ms)
[DEBUG] [PROXY] Entry: /ko/finance/daily-billing
✓ Compiled in 232ms
[INFO] [DEBUG] validateUserAction START
[INFO] [DEBUG] validateUserAction: Supabase client created
[INFO] [DEBUG] validateUserAction: getUser result { hasUser: true, email: 'admin@zenith.kr', error: null }
[INFO] [DEBUG] validateUserAction: profile result { hasProfile: true, error: null }
[DEBUG] [PROXY] Entry: /ko/finance/daily-billing
 GET /ko/finance/daily-billing 200 in 642ms (next.js: 179ms, proxy.ts: 160ms, application-code: 303ms)
[INFO] [DEBUG] validateUserAction START
[INFO] [DEBUG] validateUserAction: Supabase client created
[INFO] [DEBUG] validateUserAction: getUser result { hasUser: true, email: 'admin@zenith.kr', error: null }
[INFO] [DEBUG] validateUserAction: profile result { hasProfile: true, error: null }
[DEBUG] [PROXY] Entry: /ko/finance/daily-billing
 GET /ko/finance/daily-billing 200 in 352ms (next.js: 6ms, proxy.ts: 204ms, application-code: 141ms)
[INFO] [DEBUG] validateUserAction START
[INFO] [DEBUG] validateUserAction: Supabase client created
[INFO] [DEBUG] validateUserAction: getUser result { hasUser: true, email: 'admin@zenith.kr', error: null }
[INFO] [DEBUG] validateUserAction: profile result { hasProfile: true, error: null }
 GET /ko/finance/daily-billing 200 in 238ms (next.js: 4ms, proxy.ts: 118ms, application-code: 116ms)
[DEBUG] [PROXY] Entry: /ko/finance/daily-billing
✓ Compiled in 195ms
[INFO] [DEBUG] validateUserAction START
[INFO] [DEBUG] validateUserAction: Supabase client created
[INFO] [DEBUG] validateUserAction: getUser result { hasUser: true, email: 'admin@zenith.kr', error: null }
[INFO] [DEBUG] validateUserAction: profile result { hasProfile: true, error: null }
[DEBUG] [PROXY] Entry: /ko/finance/daily-billing
 GET /ko/finance/daily-billing 200 in 580ms (next.js: 176ms, proxy.ts: 120ms, application-code: 284ms)
[INFO] [DEBUG] validateUserAction START
[INFO] [DEBUG] validateUserAction: Supabase client created
[INFO] [DEBUG] validateUserAction: getUser result { hasUser: true, email: 'admin@zenith.kr', error: null }
[INFO] [DEBUG] validateUserAction: profile result { hasProfile: true, error: null }
[DEBUG] [PROXY] Entry: /ko/finance/daily-billing
 GET /ko/finance/daily-billing 200 in 331ms (next.js: 8ms, proxy.ts: 156ms, application-code: 166ms)
[INFO] [DEBUG] validateUserAction START
[INFO] [DEBUG] validateUserAction: Supabase client created
[INFO] [DEBUG] validateUserAction: getUser result { hasUser: true, email: 'admin@zenith.kr', error: null }
[INFO] [DEBUG] validateUserAction: profile result { hasProfile: true, error: null }
 GET /ko/finance/daily-billing 200 in 249ms (next.js: 5ms, proxy.ts: 124ms, application-code: 120ms)
[DEBUG] [PROXY] Entry: /ko/finance/daily-billing
[INFO] [DEBUG] validateUserAction START
[INFO] [DEBUG] validateUserAction: Supabase client created
[INFO] [DEBUG] validateUserAction: getUser result { hasUser: true, email: 'admin@zenith.kr', error: null }
[INFO] [DEBUG] validateUserAction: profile result { hasProfile: true, error: null }
[ERROR] getShipperDailyBillingSummary failed: ReferenceError: orderTotalUsd is not defined
    at getShipperDailyBillingSummary (src/app/actions/finance/daily-billing.ts:257:38)
    at async DailyBillingPage (src/app/[locale]/(dashboard)/finance/daily-billing/page.tsx:18:18)
  255 |
  256 |       const orderTotalKrw = baseFreight + fuelSurcharge + surgeFee + otherCharge + actual...
> 257 |       group.totalBillingAmountUsd += orderTotalUsd;
      |                                      ^
  258 |     }
  259 |
  260 |     // Compute KRW totals
[DEBUG] [PROXY] Entry: /ko/finance/daily-billing
 GET /ko/finance/daily-billing 200 in 793ms (next.js: 208ms, proxy.ts: 141ms, application-code: 444ms)
[INFO] [DEBUG] validateUserAction START
[INFO] [DEBUG] validateUserAction: Supabase client created
[INFO] [DEBUG] validateUserAction: getUser result { hasUser: true, email: 'admin@zenith.kr', error: null }
[INFO] [DEBUG] validateUserAction: profile result { hasProfile: true, error: null }
[ERROR] getShipperDailyBillingSummary failed: ReferenceError: orderTotalUsd is not defined
    at getShipperDailyBillingSummary (src/app/actions/finance/daily-billing.ts:257:38)
    at async DailyBillingPage (src/app/[locale]/(dashboard)/finance/daily-billing/page.tsx:18:18)
  255 |
  256 |       const orderTotalKrw = baseFreight + fuelSurcharge + surgeFee + otherCharge + actual...
> 257 |       group.totalBillingAmountUsd += orderTotalUsd;
      |                                      ^
  258 |     }
  259 |
  260 |     // Compute KRW totals
[DEBUG] [PROXY] Entry: /ko/finance/daily-billing
 GET /ko/finance/daily-billing 200 in 492ms (next.js: 13ms, proxy.ts: 226ms, application-code: 253ms)
[INFO] [DEBUG] validateUserAction START
[INFO] [DEBUG] validateUserAction: Supabase client created
[INFO] [DEBUG] validateUserAction: getUser result { hasUser: true, email: 'admin@zenith.kr', error: null }
[INFO] [DEBUG] validateUserAction: profile result { hasProfile: true, error: null }
[ERROR] getShipperDailyBillingSummary failed: ReferenceError: orderTotalUsd is not defined
    at getShipperDailyBillingSummary (src/app/actions/finance/daily-billing.ts:257:38)
    at async DailyBillingPage (src/app/[locale]/(dashboard)/finance/daily-billing/page.tsx:18:18)
  255 |
  256 |       const orderTotalKrw = baseFreight + fuelSurcharge + surgeFee + otherCharge + actual...
> 257 |       group.totalBillingAmountUsd += orderTotalUsd;
      |                                      ^
  258 |     }
  259 |
  260 |     // Compute KRW totals
 GET /ko/finance/daily-billing 200 in 290ms (next.js: 10ms, proxy.ts: 132ms, application-code: 149ms)
[DEBUG] [PROXY] Entry: /ko/finance/daily-billing
✓ Compiled in 218ms
[INFO] [DEBUG] validateUserAction START
[INFO] [DEBUG] validateUserAction: Supabase client created
[INFO] [DEBUG] validateUserAction: getUser result { hasUser: true, email: 'admin@zenith.kr', error: null }
[INFO] [DEBUG] validateUserAction: profile result { hasProfile: true, error: null }
[DEBUG] [PROXY] Entry: /ko/finance/daily-billing
 GET /ko/finance/daily-billing 200 in 660ms (next.js: 177ms, proxy.ts: 144ms, application-code: 339ms)
[INFO] [DEBUG] validateUserAction START
[INFO] [DEBUG] validateUserAction: Supabase client created
[INFO] [DEBUG] validateUserAction: getUser result { hasUser: true, email: 'admin@zenith.kr', error: null }
[INFO] [DEBUG] validateUserAction: profile result { hasProfile: true, error: null }
[DEBUG] [PROXY] Entry: /ko/finance/daily-billing
 GET /ko/finance/daily-billing 200 in 398ms (next.js: 6ms, proxy.ts: 255ms, application-code: 137ms)
[INFO] [DEBUG] validateUserAction START
[INFO] [DEBUG] validateUserAction: Supabase client created
[INFO] [DEBUG] validateUserAction: getUser result { hasUser: true, email: 'admin@zenith.kr', error: null }
[INFO] [DEBUG] validateUserAction: profile result { hasProfile: true, error: null }
 GET /ko/finance/daily-billing 200 in 229ms (next.js: 4ms, proxy.ts: 109ms, application-code: 116ms)
[DEBUG] [PROXY] Entry: /ko/finance/daily-billing
✓ Compiled in 187ms
[INFO] [DEBUG] validateUserAction START
[INFO] [DEBUG] validateUserAction: Supabase client created
[INFO] [DEBUG] validateUserAction: getUser result { hasUser: true, email: 'admin@zenith.kr', error: null }
[INFO] [DEBUG] validateUserAction: profile result { hasProfile: true, error: null }
[DEBUG] [PROXY] Entry: /ko/finance/daily-billing
 GET /ko/finance/daily-billing 200 in 645ms (next.js: 188ms, proxy.ts: 143ms, application-code: 315ms)
[INFO] [DEBUG] validateUserAction START
[INFO] [DEBUG] validateUserAction: Supabase client created
[INFO] [DEBUG] validateUserAction: getUser result { hasUser: true, email: 'admin@zenith.kr', error: null }
[INFO] [DEBUG] validateUserAction: profile result { hasProfile: true, error: null }
[DEBUG] [PROXY] Entry: /ko/finance/daily-billing
 GET /ko/finance/daily-billing 200 in 301ms (next.js: 6ms, proxy.ts: 138ms, application-code: 157ms)
[INFO] [DEBUG] validateUserAction START
[INFO] [DEBUG] validateUserAction: Supabase client created
[INFO] [DEBUG] validateUserAction: getUser result { hasUser: true, email: 'admin@zenith.kr', error: null }
[INFO] [DEBUG] validateUserAction: profile result { hasProfile: true, error: null }
 GET /ko/finance/daily-billing 200 in 256ms (next.js: 5ms, proxy.ts: 132ms, application-code: 119ms)
[DEBUG] [PROXY] Entry: /ko/finance/daily-billing
✓ Compiled in 183ms
[INFO] [DEBUG] validateUserAction START
[INFO] [DEBUG] validateUserAction: Supabase client created
[INFO] [DEBUG] validateUserAction: getUser result { hasUser: true, email: 'admin@zenith.kr', error: null }
[INFO] [DEBUG] validateUserAction: profile result { hasProfile: true, error: null }
[DEBUG] [PROXY] Entry: /ko/finance/daily-billing
 GET /ko/finance/daily-billing 200 in 556ms (next.js: 165ms, proxy.ts: 123ms, application-code: 267ms)
[INFO] [DEBUG] validateUserAction START
[INFO] [DEBUG] validateUserAction: Supabase client created
[INFO] [DEBUG] validateUserAction: getUser result { hasUser: true, email: 'admin@zenith.kr', error: null }
[INFO] [DEBUG] validateUserAction: profile result { hasProfile: true, error: null }
[DEBUG] [PROXY] Entry: /ko/finance/daily-billing
 GET /ko/finance/daily-billing 200 in 411ms (next.js: 7ms, proxy.ts: 268ms, application-code: 135ms)
[INFO] [DEBUG] validateUserAction START
[INFO] [DEBUG] validateUserAction: Supabase client created
[INFO] [DEBUG] validateUserAction: getUser result { hasUser: true, email: 'admin@zenith.kr', error: null }
[INFO] [DEBUG] validateUserAction: profile result { hasProfile: true, error: null }
 GET /ko/finance/daily-billing 200 in 225ms (next.js: 5ms, proxy.ts: 107ms, application-code: 113ms)
[DEBUG] [PROXY] Entry: /ko/finance/daily-billing
✓ Compiled in 194ms
[DEBUG] [PROXY] Entry: /ko/finance/daily-billing
[INFO] [DEBUG] validateUserAction START
[INFO] [DEBUG] validateUserAction: Supabase client created
[INFO] [DEBUG] validateUserAction: getUser result { hasUser: true, email: 'admin@zenith.kr', error: null }
[INFO] [DEBUG] validateUserAction: profile result { hasProfile: true, error: null }
[INFO] [DEBUG] validateUserAction START
[INFO] [DEBUG] validateUserAction: Supabase client created
[INFO] [DEBUG] validateUserAction: getUser result { hasUser: true, email: 'admin@zenith.kr', error: null }
[INFO] [DEBUG] validateUserAction: profile result { hasProfile: true, error: null }
[DEBUG] [PROXY] Entry: /ko/finance/daily-billing
 GET /ko/finance/daily-billing 200 in 960ms (next.js: 190ms, proxy.ts: 152ms, application-code: 618ms)
 GET /ko/finance/daily-billing 200 in 502ms (next.js: 19ms, proxy.ts: 302ms, application-code: 182ms)
[INFO] [DEBUG] validateUserAction START
[INFO] [DEBUG] validateUserAction: Supabase client created
[INFO] [DEBUG] validateUserAction: getUser result { hasUser: true, email: 'admin@zenith.kr', error: null }
[INFO] [DEBUG] validateUserAction: profile result { hasProfile: true, error: null }
[DEBUG] [PROXY] Entry: /ko/finance/daily-billing
 GET /ko/finance/daily-billing 200 in 302ms (next.js: 8ms, proxy.ts: 112ms, application-code: 181ms)
[INFO] [DEBUG] validateUserAction START
[INFO] [DEBUG] validateUserAction: Supabase client created
[INFO] [DEBUG] validateUserAction: getUser result { hasUser: true, email: 'admin@zenith.kr', error: null }
[INFO] [DEBUG] validateUserAction: profile result { hasProfile: true, error: null }
 GET /ko/finance/daily-billing 200 in 310ms (next.js: 12ms, proxy.ts: 183ms, application-code: 114ms)
✓ Compiled in 114ms
✓ Compiled in 172ms
✓ Compiled in 107ms
✓ Compiled in 111ms
[DEBUG] [PROXY] Entry: /ko/finance/daily-billing
[browser] [ERROR] Dashboard Runtime Error: TypeError: Cannot read properties of undefined (reading 'toLocaleString')
    at eval (src/components/finance/ShipperDailyBillingClient.tsx:365:55)
    at Array.map (<anonymous>)
    at ShipperDailyBillingClient (src/components/finance/ShipperDailyBillingClient.tsx:330:33)
    at Set.forEach (<anonymous>)
    at DailyBillingPage (src/app/[locale]/(dashboard)/finance/daily-billing/page.tsx:42:7)
  363 | ...             <td className="py-3.5 px-4 text-right">
  364 | ...               <span className="block font-extrabold font-mono text-amber-600 dark:tex...
> 365 | ...                 ₩{g.totalBillingAmountKrw.toLocaleString()} KRW
      |                                             ^
  366 | ...               </span>
  367 | ...               <span className="block text-[11px] font-mono text-slate-400">
  368 | ...                 ${g.estimatedBillingAmountUsd.toLocaleString('en-US', { minimumFracti... (src/lib/logger.ts:9:13)
[browser] [ERROR] Dashboard Runtime Error: TypeError: Cannot read properties of undefined (reading 'toLocaleString')
    at eval (src/components/finance/ShipperDailyBillingClient.tsx:365:55)
    at Array.map (<anonymous>)
    at ShipperDailyBillingClient (src/components/finance/ShipperDailyBillingClient.tsx:330:33)
    at Set.forEach (<anonymous>)
    at DailyBillingPage (src/app/[locale]/(dashboard)/finance/daily-billing/page.tsx:42:7)
  363 | ...             <td className="py-3.5 px-4 text-right">
  364 | ...               <span className="block font-extrabold font-mono text-amber-600 dark:tex...
> 365 | ...                 ₩{g.totalBillingAmountKrw.toLocaleString()} KRW
      |                                             ^
  366 | ...               </span>
  367 | ...               <span className="block text-[11px] font-mono text-slate-400">
  368 | ...                 ${g.estimatedBillingAmountUsd.toLocaleString('en-US', { minimumFracti... (src/lib/logger.ts:9:13)
[ERROR] Failed to log error to DB: {
  code: '42501',
  details: null,
  hint: null,
  message: 'new row violates row-level security policy for table "zen_error_logs"'
}
[ERROR] [Action Error] Error: new row violates row-level security policy for table "zen_error_logs"
    at <unknown> (src/app/actions/misc/monitoring.ts:54:11)
    at async (src/lib/actions/wrapper.ts:13:20)
  52 |   if (error) {
  53 |     logger.error("Failed to log error to DB:", error);
> 54 |     throw new Error(error.message);
     |           ^
  55 |   }
  56 |
  57 |   // CRITICAL 레벨인 경우 관리자들에게 인앱 알림 발송
 POST /ko/finance/daily-billing 200 in 1084ms (next.js: 34ms, proxy.ts: 319ms, application-code: 730ms)
  └─ ƒ logClientError({"error_type":"CLIENT","message":"Cannot read properties of undefined (reading 'toLocaleString')","sentry_id":"c0b967b92a9d4092a92f700a4fe29e97","...":"3 items not stringified"}) in 701ms src/app/actions/misc/monitoring.ts
[DEBUG] [PROXY] Entry: /ko/finance/daily-billing
[ERROR] Failed to log error to DB: {
  code: '42501',
  details: null,
  hint: null,
  message: 'new row violates row-level security policy for table "zen_error_logs"'
}
[ERROR] [Action Error] Error: new row violates row-level security policy for table "zen_error_logs"
    at <unknown> (src/app/actions/misc/monitoring.ts:54:11)
    at async (src/lib/actions/wrapper.ts:13:20)
  52 |   if (error) {
  53 |     logger.error("Failed to log error to DB:", error);
> 54 |     throw new Error(error.message);
     |           ^
  55 |   }
  56 |
  57 |   // CRITICAL 레벨인 경우 관리자들에게 인앱 알림 발송
 POST /ko/finance/daily-billing 200 in 603ms (next.js: 5ms, proxy.ts: 137ms, application-code: 461ms)
  └─ ƒ logClientError({"error_type":"CLIENT","message":"Cannot read properties of undefined (reading 'toLocaleString')","sentry_id":"ee1bba4aeb2441b38112d71583c8e613","...":"3 items not stringified"}) in 453ms src/app/actions/misc/monitoring.ts
✓ Compiled in 114ms
✓ Compiled in 103ms
[DEBUG] [PROXY] Entry: /ko/admin/ups-actual-charges
 GET /ko/admin/ups-actual-charges 200 in 937ms (next.js: 230ms, proxy.ts: 455ms, application-code: 251ms)
[DEBUG] [PROXY] Entry: /ko/admin/ups-actual-charges
[INFO] [DEBUG] validateUserAction START
[INFO] [DEBUG] validateUserAction: Supabase client created
[INFO] [DEBUG] validateUserAction: getUser result { hasUser: true, email: 'admin@zenith.kr', error: null }
[INFO] [DEBUG] validateUserAction: profile result { hasProfile: true, error: null }
 POST /ko/admin/ups-actual-charges 200 in 305ms (next.js: 19ms, proxy.ts: 110ms, application-code: 176ms)
  └─ ƒ searchDeliveredUpsOrders("ZEN-2026-000001") in 153ms src/app/actions/finance/ups-actual-charges.ts
[DEBUG] [PROXY] Entry: /ko/admin/ups-actual-charges
[INFO] [DEBUG] validateUserAction START
[INFO] [DEBUG] validateUserAction: Supabase client created
[INFO] [DEBUG] validateUserAction: getUser result { hasUser: true, email: 'admin@zenith.kr', error: null }
[INFO] [DEBUG] validateUserAction: profile result { hasProfile: true, error: null }
 POST /ko/admin/ups-actual-charges 200 in 222ms (next.js: 12ms, proxy.ts: 84ms, application-code: 126ms)
  └─ ƒ getUpsChargeReconciliation("2ae0abae-a365-4a5f-a18b-92736fe9340f") in 119ms src/app/actions/finance/ups-actual-charges.ts
[DEBUG] [PROXY] Entry: /ko/admin/ups-actual-charges
[INFO] [DEBUG] validateUserAction START
[INFO] [DEBUG] validateUserAction: Supabase client created
[INFO] [DEBUG] validateUserAction: getUser result { hasUser: true, email: 'admin@zenith.kr', error: null }
[INFO] [DEBUG] validateUserAction: profile result { hasProfile: true, error: null }
 POST /ko/admin/ups-actual-charges 200 in 245ms (next.js: 21ms, proxy.ts: 98ms, application-code: 126ms)
  └─ ƒ getUpsChargeReconciliation("2ae0abae-a365-4a5f-a18b-92736fe9340f") in 118ms src/app/actions/finance/ups-actual-charges.ts
[DEBUG] [PROXY] Entry: /ko/admin/ups-actual-charges
[INFO] [DEBUG] validateUserAction START
[INFO] [DEBUG] validateUserAction: Supabase client created
[INFO] [DEBUG] validateUserAction: getUser result { hasUser: true, email: 'admin@zenith.kr', error: null }
[INFO] [DEBUG] validateUserAction: profile result { hasProfile: true, error: null }
 POST /ko/admin/ups-actual-charges 200 in 229ms (next.js: 12ms, proxy.ts: 89ms, application-code: 128ms)
  └─ ƒ getUpsActualCharges("2ae0abae-a365-4a5f-a18b-92736fe9340f") in 119ms src/app/actions/finance/ups-actual-charges.ts
[DEBUG] [PROXY] Entry: /ko/admin/ups-actual-charges
[INFO] [DEBUG] validateUserAction START
[INFO] [DEBUG] validateUserAction: Supabase client created
[INFO] [DEBUG] validateUserAction: getUser result { hasUser: true, email: 'admin@zenith.kr', error: null }
[INFO] [DEBUG] validateUserAction: profile result { hasProfile: true, error: null }
 POST /ko/admin/ups-actual-charges 200 in 304ms (next.js: 16ms, proxy.ts: 100ms, application-code: 188ms)
  └─ ƒ getUpsActualCharges("2ae0abae-a365-4a5f-a18b-92736fe9340f") in 178ms src/app/actions/finance/ups-actual-charges.ts
[DEBUG] [PROXY] Entry: /ko/finance/daily-billing
[INFO] [DEBUG] validateUserAction START
[INFO] [DEBUG] validateUserAction: Supabase client created
[INFO] [DEBUG] validateUserAction: getUser result { hasUser: true, email: 'admin@zenith.kr', error: null }
[INFO] [DEBUG] validateUserAction: profile result { hasProfile: true, error: null }
 GET /ko/finance/daily-billing 200 in 687ms (next.js: 236ms, proxy.ts: 98ms, application-code: 352ms)
✓ Compiled in 1154ms
[DEBUG] [PROXY] Entry: /ko/finance/daily-billing
[INFO] [DEBUG] validateUserAction START
[INFO] [DEBUG] validateUserAction: Supabase client created
[INFO] [DEBUG] validateUserAction: getUser result { hasUser: true, email: 'admin@zenith.kr', error: null }
[INFO] [DEBUG] validateUserAction: profile result { hasProfile: true, error: null }
 GET /ko/finance/daily-billing 200 in 1291ms (next.js: 109ms, proxy.ts: 515ms, application-code: 667ms)
[DEBUG] [PROXY] Entry: /ko/finance/daily-billing
[DEBUG] [PROXY] Entry: /ko/finance/daily-billing
[INFO] [DEBUG] validateUserAction START
[INFO] [DEBUG] validateUserAction: Supabase client created
[INFO] [DEBUG] validateUserAction: getUser result { hasUser: true, email: 'admin@zenith.kr', error: null }
[INFO] [DEBUG] validateUserAction: profile result { hasProfile: true, error: null }
[INFO] [DEBUG] validateUserAction START
[INFO] [DEBUG] validateUserAction: Supabase client created
[INFO] [DEBUG] validateUserAction: getUser result { hasUser: true, email: 'admin@zenith.kr', error: null }
[INFO] [DEBUG] validateUserAction: profile result { hasProfile: true, error: null }
[DEBUG] [PROXY] Entry: /ko/finance/daily-billing
 GET /ko/finance/daily-billing 200 in 3.3s (next.js: 1070ms, proxy.ts: 503ms, application-code: 1705ms)
 GET /ko/finance/daily-billing 200 in 1035ms (next.js: 40ms, proxy.ts: 661ms, application-code: 334ms)
[INFO] [DEBUG] validateUserAction START
[INFO] [DEBUG] validateUserAction: Supabase client created
[INFO] [DEBUG] validateUserAction: getUser result { hasUser: true, email: 'admin@zenith.kr', error: null }
[INFO] [DEBUG] validateUserAction: profile result { hasProfile: true, error: null }
 GET /ko/finance/daily-billing 200 in 449ms (next.js: 14ms, proxy.ts: 189ms, application-code: 246ms)
[DEBUG] [PROXY] Entry: /ko/finance/daily-billing
✓ Compiled in 253ms
[INFO] [DEBUG] validateUserAction START
[INFO] [DEBUG] validateUserAction: Supabase client created
[INFO] [DEBUG] validateUserAction: getUser result { hasUser: true, email: 'admin@zenith.kr', error: null }
[INFO] [DEBUG] validateUserAction: profile result { hasProfile: true, error: null }
[DEBUG] [PROXY] Entry: /ko/finance/daily-billing
 GET /ko/finance/daily-billing 200 in 625ms (next.js: 209ms, proxy.ts: 139ms, application-code: 276ms)
[INFO] [DEBUG] validateUserAction START
[INFO] [DEBUG] validateUserAction: Supabase client created
[INFO] [DEBUG] validateUserAction: getUser result { hasUser: true, email: 'admin@zenith.kr', error: null }
[INFO] [DEBUG] validateUserAction: profile result { hasProfile: true, error: null }
[DEBUG] [PROXY] Entry: /ko/finance/daily-billing
 GET /ko/finance/daily-billing 200 in 470ms (next.js: 23ms, proxy.ts: 314ms, application-code: 133ms)
[INFO] [DEBUG] validateUserAction START
[INFO] [DEBUG] validateUserAction: Supabase client created
[INFO] [DEBUG] validateUserAction: getUser result { hasUser: true, email: 'admin@zenith.kr', error: null }
[INFO] [DEBUG] validateUserAction: profile result { hasProfile: true, error: null }
 GET /ko/finance/daily-billing 200 in 239ms (next.js: 10ms, proxy.ts: 109ms, application-code: 120ms)
✓ Compiled in 209ms
✓ Compiled in 215ms
✓ Compiled in 112ms
[DEBUG] [PROXY] Entry: /ko/finance/daily-billing
✓ Compiled in 1250ms
[DEBUG] [PROXY] Entry: /ko/finance/daily-billing
[INFO] [DEBUG] validateUserAction START
[INFO] [DEBUG] validateUserAction: Supabase client created
[INFO] [DEBUG] validateUserAction: getUser result { hasUser: true, email: 'admin@zenith.kr', error: null }
[INFO] [DEBUG] validateUserAction: profile result { hasProfile: true, error: null }
[INFO] [DEBUG] validateUserAction START
[INFO] [DEBUG] validateUserAction: Supabase client created
[INFO] [DEBUG] validateUserAction: getUser result { hasUser: true, email: 'admin@zenith.kr', error: null }
[INFO] [DEBUG] validateUserAction: profile result { hasProfile: true, error: null }
[DEBUG] [PROXY] Entry: /ko/finance/daily-billing
 GET /ko/finance/daily-billing 200 in 2.5s (next.js: 700ms, proxy.ts: 703ms, application-code: 1076ms)
 GET /ko/finance/daily-billing 200 in 891ms (next.js: 121ms, proxy.ts: 573ms, application-code: 196ms)
[INFO] [DEBUG] validateUserAction START
[INFO] [DEBUG] validateUserAction: Supabase client created
[INFO] [DEBUG] validateUserAction: getUser result { hasUser: true, email: 'admin@zenith.kr', error: null }
[INFO] [DEBUG] validateUserAction: profile result { hasProfile: true, error: null }
 GET /ko/finance/daily-billing 200 in 293ms (next.js: 8ms, proxy.ts: 143ms, application-code: 142ms)
[DEBUG] [PROXY] Entry: /ko/finance/daily-billing
✓ Compiled in 620ms
[DEBUG] [PROXY] Entry: /ko/finance/daily-billing
[INFO] [DEBUG] validateUserAction START
[INFO] [DEBUG] validateUserAction: Supabase client created
[INFO] [DEBUG] validateUserAction: getUser result { hasUser: true, email: 'admin@zenith.kr', error: null }
[INFO] [DEBUG] validateUserAction: profile result { hasProfile: true, error: null }
[INFO] [DEBUG] validateUserAction START
[INFO] [DEBUG] validateUserAction: Supabase client created
[INFO] [DEBUG] validateUserAction: getUser result { hasUser: true, email: 'admin@zenith.kr', error: null }
[INFO] [DEBUG] validateUserAction: profile result { hasProfile: true, error: null }
[DEBUG] [PROXY] Entry: /ko/finance/daily-billing
 GET /ko/finance/daily-billing 200 in 2.1s (next.js: 576ms, proxy.ts: 674ms, application-code: 868ms)
 GET /ko/finance/daily-billing 200 in 641ms (next.js: 19ms, proxy.ts: 346ms, application-code: 276ms)
[INFO] [DEBUG] validateUserAction START
[INFO] [DEBUG] validateUserAction: Supabase client created
[INFO] [DEBUG] validateUserAction: getUser result { hasUser: true, email: 'admin@zenith.kr', error: null }
[INFO] [DEBUG] validateUserAction: profile result { hasProfile: true, error: null }
 GET /ko/finance/daily-billing 200 in 331ms (next.js: 6ms, proxy.ts: 169ms, application-code: 156ms)
[DEBUG] [PROXY] Entry: /ko/finance/daily-billing
✓ Compiled in 1670ms
[DEBUG] [PROXY] Entry: /ko/finance/daily-billing
[INFO] [DEBUG] validateUserAction START
[INFO] [DEBUG] validateUserAction: Supabase client created
[INFO] [DEBUG] validateUserAction: getUser result { hasUser: true, email: 'admin@zenith.kr', error: null }
[INFO] [DEBUG] validateUserAction: profile result { hasProfile: true, error: null }
[INFO] [DEBUG] validateUserAction START
[INFO] [DEBUG] validateUserAction: Supabase client created
[INFO] [DEBUG] validateUserAction: getUser result { hasUser: true, email: 'admin@zenith.kr', error: null }
[INFO] [DEBUG] validateUserAction: profile result { hasProfile: true, error: null }
[DEBUG] [PROXY] Entry: /ko/finance/daily-billing
 GET /ko/finance/daily-billing 200 in 2.7s (next.js: 623ms, proxy.ts: 1069ms, application-code: 989ms)
 GET /ko/finance/daily-billing 200 in 665ms (next.js: 39ms, proxy.ts: 435ms, application-code: 191ms)
[INFO] [DEBUG] validateUserAction START
[INFO] [DEBUG] validateUserAction: Supabase client created
[INFO] [DEBUG] validateUserAction: getUser result { hasUser: true, email: 'admin@zenith.kr', error: null }
[INFO] [DEBUG] validateUserAction: profile result { hasProfile: true, error: null }
[DEBUG] [PROXY] Entry: /ko/finance/daily-billing
 GET /ko/finance/daily-billing 200 in 304ms (next.js: 9ms, proxy.ts: 146ms, application-code: 150ms)
[INFO] [DEBUG] validateUserAction START
[INFO] [DEBUG] validateUserAction: Supabase client created
[INFO] [DEBUG] validateUserAction: getUser result { hasUser: true, email: 'admin@zenith.kr', error: null }
[INFO] [DEBUG] validateUserAction: profile result { hasProfile: true, error: null }
[DEBUG] [PROXY] Entry: /ko/finance/daily-billing
 GET /ko/finance/daily-billing 200 in 279ms (next.js: 8ms, proxy.ts: 130ms, application-code: 141ms)
[INFO] [DEBUG] validateUserAction START
[INFO] [DEBUG] validateUserAction: Supabase client created
[INFO] [DEBUG] validateUserAction: getUser result { hasUser: true, email: 'admin@zenith.kr', error: null }
[INFO] [DEBUG] validateUserAction: profile result { hasProfile: true, error: null }
[DEBUG] [PROXY] Entry: /ko/finance/daily-billing
 GET /ko/finance/daily-billing 200 in 267ms (next.js: 5ms, proxy.ts: 124ms, application-code: 138ms)
[INFO] [DEBUG] validateUserAction START
[INFO] [DEBUG] validateUserAction: Supabase client created
[INFO] [DEBUG] validateUserAction: getUser result { hasUser: true, email: 'admin@zenith.kr', error: null }
[INFO] [DEBUG] validateUserAction: profile result { hasProfile: true, error: null }
 GET /ko/finance/daily-billing 200 in 244ms (next.js: 9ms, proxy.ts: 132ms, application-code: 103ms)
✓ Compiled in 1808ms
[DEBUG] [PROXY] Entry: /ko/finance/daily-billing
[DEBUG] [PROXY] Entry: /ko/finance/daily-billing
[DEBUG] [PROXY] Entry: /ko/login
[DEBUG] [PROXY] Entry: /ko/finance/daily-billing
[DEBUG] [PROXY] Entry: /ko/login
[DEBUG] [PROXY] Entry: /ko/finance/daily-billing
[DEBUG] [PROXY] Entry: /ko/login
 GET /ko/login 200 in 754ms (next.js: 257ms, proxy.ts: 44ms, application-code: 452ms)
[DEBUG] [PROXY] Entry: /ko/login
 GET /ko/login 200 in 250ms (next.js: 16ms, proxy.ts: 24ms, application-code: 211ms)
 GET /ko/login 200 in 142ms (next.js: 8ms, proxy.ts: 7ms, application-code: 128ms)
 GET /ko/login 200 in 93ms (next.js: 13ms, proxy.ts: 8ms, application-code: 72ms)
[DEBUG] [PROXY] Entry: /ko/login
 GET /ko/login 200 in 1330ms (next.js: 5ms, proxy.ts: 5ms, application-code: 1320ms)
